------------------------------------------------------------------------------------------------------------------------
      name:  <unnamed>
       log:  C:\Users\hp\OneDrive\Documents\NCD_Analysis_Output.log
  log type:  text
 opened on:  28 Jun 2026, 07:33:40

. 
. /*──────────────────────────────────────────────────────────────────────────
>   STEP 1 │ LOAD DATA
> ──────────────────────────────────────────────────────────────────────────*/
. 
. use "C:\Users\hp\Desktop\REPORT WRITTING\BDIR81FL.DTA", clear

. di "Raw N = " _N
Raw N = 30078

. 
. keep v002 v005 v024 v025 v106 v119 v121 v151 awfactw v171a v176 v190 ///
>      b0_01 b15_01 pidxb_20 m13_1 hw73_1 v456 v501 v714a v745b

. 
. /*──────────────────────────────────────────────────────────────────────────
>   STEP 2 │ VARIABLE & VALUE LABELS
> ──────────────────────────────────────────────────────────────────────────*/
. 
. label variable v002     "Household Number"

. label variable v005     "Sample Weight"

. label variable v024     "Region"

. label variable v025     "Type of Place of Residence"

. label variable v106     "Highest Educational Level"

. label variable v119     "Has Electricity"

. label variable v121     "Has Television"

. label variable v151     "Sex of Household Head"

. label variable awfactw  "All-Woman Factor (Survey Weight)"

. label variable v171a    "Reads Newspaper/Magazine"

. label variable v176     "Currently Using Tobacco"

. label variable v190     "Wealth Index"

. label variable b0_01    "Child is Twin (1st Birth)"

. label variable b15_01   "Wanted Last Child (1st Birth)"

. label variable m13_1    "Months of Breastfeeding (1st Birth)"

. label variable hw73_1   "Child Anaemia Level"

. label variable v456     "Mid-Upper Arm Circumference (MUAC)"

. label variable v501     "Current Marital Status"

. label variable v714a    "Currently Working"

. label variable v745b    "Owns Land"

. 
. capture label drop res_lbl

. label define res_lbl 1 "Urban" 2 "Rural"

. label values v025 res_lbl

. 
. capture label drop edu_lbl

. label define edu_lbl 0 "No Education" 1 "Primary" 2 "Secondary" 3 "Higher"

. label values v106 edu_lbl

. 
. capture label drop yn_lbl

. label define yn_lbl 0 "No" 1 "Yes"

. label values v119 yn_lbl

. label values v121 yn_lbl

. label values v714a yn_lbl

. 
. capture label drop tob_lbl

. label define tob_lbl 0 "No" 1 "Yes"

. label values v176 tob_lbl

. 
. capture label drop sex_lbl

. label define sex_lbl 1 "Male" 2 "Female"

. label values v151 sex_lbl

. 
. capture label drop wlth_lbl

. label define wlth_lbl 1 "Poorest" 2 "Poorer" 3 "Middle" 4 "Richer" 5 "Richest"

. label values v190 wlth_lbl

. 
. capture label drop mar_lbl

. label define mar_lbl 0 "Never Married" 1 "Married" 2 "Living Together" ///
>                       3 "Widowed" 4 "Divorced" 5 "Separated"

. label values v501 mar_lbl

. 
. capture label drop ana_lbl

. label define ana_lbl 1 "Severe" 2 "Moderate" 3 "Mild" 4 "Not Anaemic"

. label values hw73_1 ana_lbl

. 
. capture label drop land_lbl

. label define land_lbl 0 "No" 1 "Alone" 2 "Jointly" 3 "Both"

. label values v745b land_lbl

. 
. capture label drop med_lbl

. label define med_lbl 0 "Not at all" 1 "Less than once/week" ///
>                       2 "At least once/week" 3 "Almost every day"

. label values v171a med_lbl

. 
. capture label drop twin_lbl

. label define twin_lbl 0 "Single" 1 "Twin" 2 "Triplet+"

. label values b0_01 twin_lbl

. 
. capture label drop wnt_lbl

. label define wnt_lbl 1 "Wanted then" 2 "Wanted later" 3 "Wanted no more"

. label values b15_01 wnt_lbl

. 
. /*──────────────────────────────────────────────────────────────────────────
>   STEP 3 │ DETECT v456 SCALE AND RECODE MISSING
>           DHS stores MUAC in 1mm units BUT values 9994–9999 = missing
>           Some rounds store as 10ths of mm (23000 = 230mm)
> ──────────────────────────────────────────────────────────────────────────*/
. 
end of do-file

. do "C:\Users\hp\AppData\Local\Temp\STD6b98_000000.tmp"

. qui sum v456

. local vmax = r(max)

. local vmin = r(min)

. di "v456 raw: min=" `vmin' "  max=" `vmax'
v456 raw: min=.  max=.

. 
. * If max > 5000, values are in 10ths of mm — divide by 10
. if `vmax' > 5000 {
.     di "  → v456 appears to be in 10ths of mm. Dividing by 10."
  → v456 appears to be in 10ths of mm. Dividing by 10.
.     replace v456 = v456 / 10
(0 real changes made)
. }

. 
. * Recode DHS missing codes (in original or rescaled units)
. replace v456 = . if v456 >= 999   /* after rescaling, 9990/10=999 */
(0 real changes made)

. replace v456 = . if v456 <= 0
(0 real changes made)

. 
. di "v456 after recode: min=" r(min)
v456 after recode: min=.

. qui sum v456

. di "v456 valid N = " r(N) "  mean=" r(mean) "  min=" r(min) "  max=" r(max)
v456 valid N = 0  mean=.  min=.  max=.

. 
end of do-file

. do "C:\Users\hp\AppData\Local\Temp\STD6b98_000000.tmp"

. /*──────────────────────────────────────────────────────────────────────────
>   STEP 4 │ RECODE OTHER MISSING VALUES
> ──────────────────────────────────────────────────────────────────────────*/
. 
. foreach var of varlist v025 v106 v119 v121 v151 v171a v176 v190 ///
>                         v501 v714a v745b b0_01 b15_01 hw73_1 {
  2.     qui replace `var' = . if inlist(`var', 8, 9, 98, 99, 998, 999)
  3. }

. 
. * Breastfeeding: 97/98/99 = missing
. qui replace m13_1 = . if m13_1 >= 97

. 
. * Remove duplicates
. duplicates drop

Duplicates in terms of all variables

(35 observations deleted)

. di "After dedup N = " _N
After dedup N = 30043

. 
end of do-file

. do "C:\Users\hp\AppData\Local\Temp\STD6b98_000000.tmp"

. 
. /*──────────────────────────────────────────────────────────────────────────
>   STEP 5 │ CREATE BINARY DEPENDENT VARIABLES
> ──────────────────────────────────────────────────────────────────────────*/
. 
. * Dep 1: Low MUAC (<230 mm)
. gen muac_low = .
(30,043 missing values generated)

. replace muac_low = 0 if v456 >= 230 & !missing(v456)
(0 real changes made)

. replace muac_low = 1 if v456 <  230 & !missing(v456)
(0 real changes made)

. label variable muac_low "Low MUAC (<230mm)"

. capture label drop ml_lbl

. label define ml_lbl 0 "Normal MUAC (>=230)" 1 "Low MUAC (<230)"

. label values muac_low ml_lbl

. 
. * Confirm muac_low was created correctly
. qui count if !missing(muac_low)

. di "muac_low valid N = " r(N)
muac_low valid N = 0

. tab muac_low
no observations

. 
. * Dep 2: v176 — detect coding
. qui sum v176

. di "v176 raw: min=" r(min) "  max=" r(max)
v176 raw: min=.  max=.

. tab v176, miss

  Currently |
      Using |
    Tobacco |      Freq.     Percent        Cum.
------------+-----------------------------------
          . |     30,043      100.00      100.00
------------+-----------------------------------
      Total |     30,043      100.00

. 
. * Dep 3: Anaemic child
. gen anaemic = .
(30,043 missing values generated)

. replace anaemic = 1 if hw73_1 >= 1 & hw73_1 <= 3
(30 real changes made)

. replace anaemic = 0 if hw73_1 == 4
(3 real changes made)

. label variable anaemic "Child Anaemic"

. capture label drop ac_lbl

. label define ac_lbl 0 "Not Anaemic" 1 "Anaemic"

. label values anaemic ac_lbl

. 
. qui count if !missing(anaemic)

. di "anaemic valid N = " r(N)
anaemic valid N = 33

. 
end of do-file

. do "C:\Users\hp\AppData\Local\Temp\STD6b98_000000.tmp"

. /*──────────────────────────────────────────────────────────────────────────
>   STEP 6 │ SAMPLE FLAGS
> ──────────────────────────────────────────────────────────────────────────*/
. 
. * Common independent vars base
. gen base = (!missing(v025) & !missing(v106) & !missing(v119) & ///
>             !missing(v121) & !missing(v151) & !missing(v171a) & ///
>             !missing(v190) & !missing(v501) & !missing(v714a) & !missing(v745b))

. 
. gen sampleA = (base==1 & !missing(muac_low))

. gen sampleB = (base==1 & !missing(v176))

. gen sampleC = (base==1 & !missing(anaemic) & !missing(b0_01) & ///
>                !missing(b15_01) & !missing(m13_1))

. drop base

. 
. qui count if sampleA==1

. global NA = r(N)

. qui count if sampleB==1

. global NB = r(N)

. qui count if sampleC==1

. global NC = r(N)

. 
. di _newline(1)



. di "══════════════════════════════════════════════════════"
══════════════════════════════════════════════════════

. di "  ANALYTIC SAMPLES"
  ANALYTIC SAMPLES

. di "  Sample A (MUAC model)    N = $NA"
  Sample A (MUAC model)    N = 0

. di "  Sample B (Tobacco model) N = $NB"
  Sample B (Tobacco model) N = 0

. di "  Sample C (Anaemia model) N = $NC"
  Sample C (Anaemia model) N = 18

. di "══════════════════════════════════════════════════════"
══════════════════════════════════════════════════════

. 
end of do-file

. do "C:\Users\hp\AppData\Local\Temp\STD6b98_000000.tmp"

. /*──────────────────────────────────────────────────────────────────────────
>   SECTION 7 │ SUMMARY STATISTICS
> ──────────────────────────────────────────────────────────────────────────*/
. 
. di _newline(1)



. di "╔══════════════════════════════════════════════════════════════╗"
╔══════════════════════════════════════════════════════════════╗

. di "║   SECTION 7 │ SUMMARY STATISTICS                           ║"
║   SECTION 7 │ SUMMARY STATISTICS                           ║

. di "╚══════════════════════════════════════════════════════════════╝"
╚══════════════════════════════════════════════════════════════╝

. 
. di _newline(1)



. di "  ── Continuous variables ─────────────────────────────────────"
  ── Continuous variables ─────────────────────────────────────

. tabstat v456 m13_1 awfactw, ///
>     statistics(count mean sd min p25 median p75 max) ///
>     columns(statistics) longstub format(%9.2f)

    Variable |         N      Mean        SD       Min       p25       p50       p75       Max
-------------+--------------------------------------------------------------------------------
        v456 |      0.00         .         .         .         .         .         .         .
       m13_1 |   4641.00      4.32      2.06      1.00      3.00      4.00      6.00      9.00
     awfactw |  30043.00    117.81     64.89    100.00    100.00    101.00    108.00   1240.00
----------------------------------------------------------------------------------------------

. 
end of do-file

. do "C:\Users\hp\AppData\Local\Temp\STD6b98_000000.tmp"

. /*──────────────────────────────────────────────────────────────────────────
>   SECTION 8 │ UNIVARIATE FREQUENCY TABLES
> ──────────────────────────────────────────────────────────────────────────*/
. 
. di _newline(1)



. di "╔══════════════════════════════════════════════════════════════╗"
╔══════════════════════════════════════════════════════════════╗

. di "║   SECTION 8 │ UNIVARIATE FREQUENCY TABLES                  ║"
║   SECTION 8 │ UNIVARIATE FREQUENCY TABLES                  ║

. di "╚══════════════════════════════════════════════════════════════╝"
╚══════════════════════════════════════════════════════════════╝

. 
. di _newline(1)



. di "  8.1  MUAC — v456  (Dependent 1)"
  8.1  MUAC — v456  (Dependent 1)

. sum v456, detail

             Mid-Upper Arm Circumference (MUAC)
-------------------------------------------------------------
no observations

. 
. di _newline(1)



. di "  8.2  Low MUAC Binary — muac_low"
  8.2  Low MUAC Binary — muac_low

. tab muac_low, miss

  Low MUAC (<230mm) |      Freq.     Percent        Cum.
--------------------+-----------------------------------
                  . |     30,043      100.00      100.00
--------------------+-----------------------------------
              Total |     30,043      100.00

. 
. di _newline(1)



. di "  8.3  Tobacco Use — v176  (Dependent 2)"
  8.3  Tobacco Use — v176  (Dependent 2)

. tab v176, miss

  Currently |
      Using |
    Tobacco |      Freq.     Percent        Cum.
------------+-----------------------------------
          . |     30,043      100.00      100.00
------------+-----------------------------------
      Total |     30,043      100.00

. 
. di _newline(1)



. di "  8.4  Child Anaemia — hw73_1  (Dependent 3)"
  8.4  Child Anaemia — hw73_1  (Dependent 3)

. tab hw73_1, miss

      Child |
    Anaemia |
      Level |      Freq.     Percent        Cum.
------------+-----------------------------------
       -459 |          1        0.00        0.00
       -456 |          1        0.00        0.01
       -451 |          1        0.00        0.01
       -450 |          1        0.00        0.01
       -434 |          1        0.00        0.02
       -424 |          1        0.00        0.02
       -423 |          1        0.00        0.02
       -418 |          1        0.00        0.03
       -417 |          1        0.00        0.03
       -416 |          1        0.00        0.03
       -415 |          1        0.00        0.04
       -413 |          1        0.00        0.04
       -411 |          2        0.01        0.05
       -403 |          1        0.00        0.05
       -399 |          1        0.00        0.05
       -396 |          1        0.00        0.06
       -387 |          1        0.00        0.06
       -380 |          1        0.00        0.06
       -377 |          1        0.00        0.07
       -376 |          1        0.00        0.07
       -374 |          1        0.00        0.07
       -372 |          2        0.01        0.08
       -371 |          1        0.00        0.08
       -365 |          1        0.00        0.09
       -364 |          3        0.01        0.10
       -362 |          1        0.00        0.10
       -360 |          1        0.00        0.10
       -358 |          2        0.01        0.11
       -356 |          1        0.00        0.11
       -352 |          1        0.00        0.12
       -350 |          1        0.00        0.12
       -349 |          1        0.00        0.12
       -344 |          1        0.00        0.13
       -342 |          1        0.00        0.13
       -341 |          1        0.00        0.13
       -340 |          2        0.01        0.14
       -339 |          2        0.01        0.15
       -338 |          1        0.00        0.15
       -336 |          2        0.01        0.16
       -335 |          1        0.00        0.16
       -333 |          1        0.00        0.16
       -332 |          1        0.00        0.17
       -330 |          1        0.00        0.17
       -329 |          2        0.01        0.18
       -328 |          1        0.00        0.18
       -325 |          1        0.00        0.18
       -321 |          1        0.00        0.19
       -318 |          2        0.01        0.19
       -316 |          3        0.01        0.20
       -311 |          2        0.01        0.21
       -310 |          2        0.01        0.22
       -309 |          2        0.01        0.22
       -308 |          3        0.01        0.23
       -307 |          3        0.01        0.24
       -306 |          1        0.00        0.25
       -305 |          1        0.00        0.25
       -302 |          1        0.00        0.25
       -301 |          2        0.01        0.26
       -299 |          1        0.00        0.26
       -298 |          1        0.00        0.27
       -297 |          1        0.00        0.27
       -296 |          3        0.01        0.28
       -295 |          1        0.00        0.28
       -294 |          1        0.00        0.29
       -290 |          3        0.01        0.30
       -289 |          2        0.01        0.30
       -287 |          1        0.00        0.31
       -286 |          1        0.00        0.31
       -285 |          1        0.00        0.31
       -284 |          1        0.00        0.32
       -283 |          3        0.01        0.33
       -282 |          3        0.01        0.34
       -281 |          1        0.00        0.34
       -280 |          2        0.01        0.35
       -279 |          1        0.00        0.35
       -278 |          1        0.00        0.35
       -277 |          1        0.00        0.36
       -276 |          1        0.00        0.36
       -275 |          2        0.01        0.37
       -274 |          4        0.01        0.38
       -273 |          3        0.01        0.39
       -272 |          2        0.01        0.40
       -271 |          4        0.01        0.41
       -270 |          2        0.01        0.42
       -269 |          4        0.01        0.43
       -268 |          3        0.01        0.44
       -267 |          1        0.00        0.44
       -266 |          2        0.01        0.45
       -265 |          2        0.01        0.46
       -263 |          2        0.01        0.46
       -262 |          1        0.00        0.47
       -260 |          1        0.00        0.47
       -259 |          1        0.00        0.47
       -258 |          3        0.01        0.48
       -257 |          1        0.00        0.49
       -256 |          2        0.01        0.49
       -255 |          2        0.01        0.50
       -254 |          1        0.00        0.50
       -253 |          1        0.00        0.51
       -252 |          2        0.01        0.51
       -250 |          1        0.00        0.52
       -249 |          3        0.01        0.53
       -248 |          5        0.02        0.54
       -247 |          3        0.01        0.55
       -246 |          2        0.01        0.56
       -245 |          3        0.01        0.57
       -244 |          1        0.00        0.57
       -243 |          3        0.01        0.58
       -242 |          3        0.01        0.59
       -241 |          3        0.01        0.60
       -240 |          7        0.02        0.63
       -239 |          6        0.02        0.65
       -238 |          6        0.02        0.67
       -237 |          5        0.02        0.68
       -236 |          2        0.01        0.69
       -235 |          2        0.01        0.70
       -234 |          7        0.02        0.72
       -232 |          4        0.01        0.73
       -231 |          6        0.02        0.75
       -230 |          3        0.01        0.76
       -229 |          1        0.00        0.77
       -228 |          7        0.02        0.79
       -227 |          1        0.00        0.79
       -226 |          3        0.01        0.80
       -225 |          3        0.01        0.81
       -224 |          6        0.02        0.83
       -223 |          3        0.01        0.84
       -222 |          3        0.01        0.85
       -221 |          3        0.01        0.86
       -220 |          9        0.03        0.89
       -219 |          3        0.01        0.90
       -218 |          7        0.02        0.93
       -217 |          7        0.02        0.95
       -216 |          3        0.01        0.96
       -215 |          6        0.02        0.98
       -214 |          1        0.00        0.98
       -213 |          1        0.00        0.99
       -212 |          6        0.02        1.01
       -211 |          6        0.02        1.03
       -210 |          8        0.03        1.05
       -209 |          4        0.01        1.07
       -208 |          4        0.01        1.08
       -207 |          4        0.01        1.09
       -206 |         10        0.03        1.13
       -205 |          7        0.02        1.15
       -204 |          9        0.03        1.18
       -203 |          5        0.02        1.19
       -202 |          5        0.02        1.21
       -201 |          8        0.03        1.24
       -200 |          6        0.02        1.26
       -199 |          8        0.03        1.28
       -198 |          4        0.01        1.30
       -197 |          4        0.01        1.31
       -196 |          5        0.02        1.33
       -195 |          5        0.02        1.34
       -194 |          5        0.02        1.36
       -193 |          8        0.03        1.39
       -192 |         13        0.04        1.43
       -191 |          5        0.02        1.45
       -190 |          3        0.01        1.46
       -189 |          5        0.02        1.47
       -188 |         10        0.03        1.51
       -187 |         10        0.03        1.54
       -186 |          4        0.01        1.55
       -185 |         12        0.04        1.59
       -184 |          6        0.02        1.61
       -183 |          6        0.02        1.63
       -182 |          8        0.03        1.66
       -181 |          2        0.01        1.67
       -180 |          5        0.02        1.68
       -179 |          8        0.03        1.71
       -178 |          6        0.02        1.73
       -177 |         13        0.04        1.77
       -176 |         10        0.03        1.81
       -175 |          9        0.03        1.84
       -174 |         12        0.04        1.88
       -173 |          8        0.03        1.90
       -172 |          7        0.02        1.93
       -171 |         13        0.04        1.97
       -170 |          4        0.01        1.98
       -169 |         12        0.04        2.02
       -168 |          9        0.03        2.05
       -167 |          6        0.02        2.07
       -166 |         12        0.04        2.11
       -165 |         14        0.05        2.16
       -164 |         11        0.04        2.20
       -163 |         10        0.03        2.23
       -162 |          8        0.03        2.26
       -161 |         10        0.03        2.29
       -160 |         12        0.04        2.33
       -159 |          4        0.01        2.34
       -158 |          4        0.01        2.36
       -157 |         15        0.05        2.41
       -156 |          4        0.01        2.42
       -155 |          9        0.03        2.45
       -154 |         13        0.04        2.49
       -153 |          7        0.02        2.52
       -152 |         13        0.04        2.56
       -151 |         13        0.04        2.60
       -150 |         10        0.03        2.64
       -149 |         13        0.04        2.68
       -148 |         10        0.03        2.71
       -147 |          5        0.02        2.73
       -146 |         10        0.03        2.76
       -145 |         10        0.03        2.80
       -144 |          9        0.03        2.83
       -143 |          9        0.03        2.86
       -142 |         14        0.05        2.90
       -141 |         10        0.03        2.94
       -140 |         13        0.04        2.98
       -139 |         16        0.05        3.03
       -138 |          8        0.03        3.06
       -137 |         12        0.04        3.10
       -136 |         11        0.04        3.14
       -135 |         10        0.03        3.17
       -134 |         16        0.05        3.22
       -133 |          6        0.02        3.24
       -132 |         10        0.03        3.28
       -131 |         11        0.04        3.31
       -130 |         10        0.03        3.35
       -129 |         15        0.05        3.40
       -128 |         10        0.03        3.43
       -127 |         17        0.06        3.49
       -126 |         10        0.03        3.52
       -125 |          8        0.03        3.54
       -124 |          7        0.02        3.57
       -123 |         10        0.03        3.60
       -122 |         13        0.04        3.64
       -121 |          9        0.03        3.67
       -120 |          8        0.03        3.70
       -119 |         15        0.05        3.75
       -118 |         15        0.05        3.80
       -117 |         17        0.06        3.86
       -116 |          9        0.03        3.89
       -115 |         15        0.05        3.94
       -114 |         13        0.04        3.98
       -113 |         17        0.06        4.04
       -112 |         10        0.03        4.07
       -111 |         19        0.06        4.13
       -110 |         12        0.04        4.17
       -109 |          7        0.02        4.20
       -108 |         20        0.07        4.26
       -107 |         17        0.06        4.32
       -106 |         22        0.07        4.39
       -105 |         15        0.05        4.44
       -104 |         15        0.05        4.49
       -103 |         12        0.04        4.53
       -102 |         10        0.03        4.57
       -101 |         18        0.06        4.63
       -100 |         11        0.04        4.66
        -99 |         12        0.04        4.70
        -98 |         13        0.04        4.75
        -97 |         10        0.03        4.78
        -96 |         16        0.05        4.83
        -95 |         11        0.04        4.87
        -94 |         11        0.04        4.91
        -93 |         13        0.04        4.95
        -92 |         13        0.04        4.99
        -91 |         16        0.05        5.05
        -90 |         17        0.06        5.10
        -89 |         10        0.03        5.14
        -88 |          8        0.03        5.16
        -87 |          8        0.03        5.19
        -86 |         17        0.06        5.25
        -85 |         20        0.07        5.31
        -84 |         19        0.06        5.38
        -83 |         19        0.06        5.44
        -82 |         11        0.04        5.48
        -81 |         17        0.06        5.53
        -80 |         13        0.04        5.58
        -79 |         13        0.04        5.62
        -78 |         13        0.04        5.66
        -77 |         20        0.07        5.73
        -76 |          6        0.02        5.75
        -75 |         20        0.07        5.81
        -74 |         19        0.06        5.88
        -73 |         17        0.06        5.93
        -72 |         12        0.04        5.97
        -71 |         19        0.06        6.04
        -70 |          7        0.02        6.06
        -69 |         15        0.05        6.11
        -68 |         15        0.05        6.16
        -67 |         19        0.06        6.22
        -66 |         20        0.07        6.29
        -65 |         18        0.06        6.35
        -64 |         18        0.06        6.41
        -63 |         13        0.04        6.45
        -62 |         21        0.07        6.52
        -61 |         19        0.06        6.59
        -60 |         15        0.05        6.64
        -59 |         15        0.05        6.69
        -58 |         15        0.05        6.74
        -57 |         20        0.07        6.80
        -56 |         17        0.06        6.86
        -55 |         13        0.04        6.90
        -54 |         11        0.04        6.94
        -53 |         11        0.04        6.98
        -52 |         17        0.06        7.03
        -51 |         21        0.07        7.10
        -50 |         14        0.05        7.15
        -49 |          9        0.03        7.18
        -48 |         16        0.05        7.23
        -47 |          7        0.02        7.26
        -46 |         13        0.04        7.30
        -45 |          9        0.03        7.33
        -44 |         11        0.04        7.37
        -43 |          9        0.03        7.40
        -42 |         18        0.06        7.46
        -41 |         12        0.04        7.50
        -40 |         17        0.06        7.55
        -39 |         14        0.05        7.60
        -38 |         16        0.05        7.65
        -37 |         14        0.05        7.70
        -36 |         20        0.07        7.77
        -35 |          6        0.02        7.79
        -34 |         12        0.04        7.83
        -33 |         16        0.05        7.88
        -32 |         15        0.05        7.93
        -31 |          9        0.03        7.96
        -30 |         16        0.05        8.01
        -29 |         13        0.04        8.06
        -28 |         10        0.03        8.09
        -27 |         12        0.04        8.13
        -26 |         14        0.05        8.17
        -25 |          9        0.03        8.20
        -24 |         15        0.05        8.25
        -23 |         11        0.04        8.29
        -22 |         14        0.05        8.34
        -21 |          6        0.02        8.36
        -20 |         15        0.05        8.41
        -19 |          6        0.02        8.43
        -18 |          9        0.03        8.46
        -17 |          7        0.02        8.48
        -16 |         13        0.04        8.52
        -15 |         14        0.05        8.57
        -14 |         11        0.04        8.61
        -13 |          9        0.03        8.64
        -12 |         11        0.04        8.67
        -11 |         14        0.05        8.72
        -10 |         11        0.04        8.76
         -9 |          9        0.03        8.79
         -8 |         16        0.05        8.84
         -7 |          8        0.03        8.87
         -6 |         11        0.04        8.90
         -5 |         10        0.03        8.94
         -4 |         10        0.03        8.97
         -3 |          5        0.02        8.99
         -2 |         13        0.04        9.03
         -1 |         15        0.05        9.08
          0 |          8        0.03        9.11
     Severe |          7        0.02        9.13
   Moderate |         11        0.04        9.17
       Mild |         12        0.04        9.21
Not Anaemic |          3        0.01        9.22
          5 |          6        0.02        9.24
          6 |         10        0.03        9.27
          7 |          9        0.03        9.30
         10 |         12        0.04        9.34
         11 |          7        0.02        9.36
         12 |         10        0.03        9.40
         13 |          5        0.02        9.41
         14 |         11        0.04        9.45
         15 |          6        0.02        9.47
         16 |          7        0.02        9.49
         17 |         10        0.03        9.53
         18 |         13        0.04        9.57
         19 |         13        0.04        9.61
         20 |         11        0.04        9.65
         21 |          7        0.02        9.67
         22 |          5        0.02        9.69
         23 |         14        0.05        9.74
         24 |         10        0.03        9.77
         25 |          5        0.02        9.79
         26 |          8        0.03        9.81
         27 |          7        0.02        9.84
         28 |         12        0.04        9.88
         29 |         11        0.04        9.91
         30 |          8        0.03        9.94
         31 |         10        0.03        9.97
         32 |         11        0.04       10.01
         33 |          8        0.03       10.04
         34 |          1        0.00       10.04
         35 |         10        0.03       10.07
         36 |         11        0.04       10.11
         37 |          8        0.03       10.14
         38 |          7        0.02       10.16
         39 |          9        0.03       10.19
         40 |          4        0.01       10.20
         41 |          6        0.02       10.22
         42 |          9        0.03       10.25
         43 |          4        0.01       10.27
         44 |          7        0.02       10.29
         45 |          5        0.02       10.31
         46 |         10        0.03       10.34
         47 |          4        0.01       10.35
         48 |          7        0.02       10.38
         49 |          8        0.03       10.40
         50 |          3        0.01       10.41
         51 |          2        0.01       10.42
         52 |         12        0.04       10.46
         53 |          8        0.03       10.48
         54 |          6        0.02       10.50
         55 |          4        0.01       10.52
         56 |          4        0.01       10.53
         57 |          6        0.02       10.55
         58 |          4        0.01       10.56
         59 |          8        0.03       10.59
         60 |         10        0.03       10.62
         61 |          8        0.03       10.65
         62 |          4        0.01       10.66
         63 |         10        0.03       10.70
         64 |          4        0.01       10.71
         65 |          6        0.02       10.73
         66 |          4        0.01       10.74
         67 |          3        0.01       10.75
         68 |          2        0.01       10.76
         69 |          7        0.02       10.78
         70 |          1        0.00       10.79
         71 |          5        0.02       10.80
         72 |          6        0.02       10.82
         73 |          3        0.01       10.83
         74 |          5        0.02       10.85
         75 |          5        0.02       10.87
         76 |          3        0.01       10.88
         77 |          1        0.00       10.88
         78 |          1        0.00       10.88
         79 |          4        0.01       10.90
         80 |         10        0.03       10.93
         81 |          3        0.01       10.94
         82 |          2        0.01       10.95
         83 |          3        0.01       10.96
         84 |         10        0.03       10.99
         85 |          7        0.02       11.01
         86 |          6        0.02       11.03
         88 |          4        0.01       11.05
         89 |          3        0.01       11.06
         90 |          4        0.01       11.07
         91 |          9        0.03       11.10
         92 |          5        0.02       11.12
         93 |          3        0.01       11.13
         94 |          4        0.01       11.14
         95 |          3        0.01       11.15
         96 |          2        0.01       11.16
         97 |          5        0.02       11.17
        100 |          4        0.01       11.19
        101 |          2        0.01       11.19
        102 |          3        0.01       11.20
        103 |          5        0.02       11.22
        104 |          5        0.02       11.24
        105 |          8        0.03       11.26
        106 |          5        0.02       11.28
        107 |          4        0.01       11.29
        108 |          1        0.00       11.30
        109 |          5        0.02       11.31
        110 |          4        0.01       11.33
        111 |          1        0.00       11.33
        112 |          1        0.00       11.33
        113 |          4        0.01       11.35
        114 |          1        0.00       11.35
        115 |          4        0.01       11.36
        116 |          2        0.01       11.37
        117 |          6        0.02       11.39
        118 |          1        0.00       11.39
        119 |          4        0.01       11.41
        120 |          4        0.01       11.42
        122 |          8        0.03       11.45
        123 |          2        0.01       11.45
        124 |          4        0.01       11.47
        125 |          5        0.02       11.48
        126 |          3        0.01       11.49
        127 |          2        0.01       11.50
        128 |          4        0.01       11.51
        129 |          1        0.00       11.52
        130 |          2        0.01       11.52
        131 |          3        0.01       11.53
        132 |          1        0.00       11.54
        133 |          3        0.01       11.55
        135 |          3        0.01       11.56
        136 |          3        0.01       11.57
        137 |          3        0.01       11.58
        139 |          4        0.01       11.59
        140 |          2        0.01       11.60
        141 |          2        0.01       11.60
        143 |          1        0.00       11.61
        144 |          3        0.01       11.62
        145 |          1        0.00       11.62
        147 |          1        0.00       11.62
        148 |          1        0.00       11.63
        149 |          4        0.01       11.64
        150 |          1        0.00       11.64
        151 |          2        0.01       11.65
        152 |          1        0.00       11.65
        153 |          2        0.01       11.66
        156 |          2        0.01       11.67
        158 |          2        0.01       11.67
        159 |          1        0.00       11.68
        160 |          2        0.01       11.68
        161 |          1        0.00       11.69
        162 |          1        0.00       11.69
        163 |          1        0.00       11.69
        164 |          3        0.01       11.70
        165 |          2        0.01       11.71
        166 |          1        0.00       11.71
        167 |          1        0.00       11.72
        169 |          2        0.01       11.72
        170 |          3        0.01       11.73
        171 |          1        0.00       11.74
        172 |          1        0.00       11.74
        173 |          1        0.00       11.74
        174 |          1        0.00       11.75
        176 |          1        0.00       11.75
        177 |          1        0.00       11.75
        178 |          3        0.01       11.76
        180 |          2        0.01       11.77
        181 |          2        0.01       11.78
        182 |          1        0.00       11.78
        183 |          1        0.00       11.78
        184 |          5        0.02       11.80
        185 |          3        0.01       11.81
        187 |          2        0.01       11.82
        188 |          1        0.00       11.82
        190 |          2        0.01       11.83
        192 |          2        0.01       11.83
        194 |          2        0.01       11.84
        195 |          1        0.00       11.84
        196 |          1        0.00       11.85
        197 |          2        0.01       11.85
        198 |          2        0.01       11.86
        199 |          3        0.01       11.87
        202 |          1        0.00       11.87
        203 |          1        0.00       11.88
        204 |          2        0.01       11.88
        205 |          1        0.00       11.89
        207 |          1        0.00       11.89
        208 |          2        0.01       11.90
        209 |          2        0.01       11.90
        210 |          2        0.01       11.91
        212 |          2        0.01       11.92
        214 |          2        0.01       11.92
        216 |          2        0.01       11.93
        217 |          1        0.00       11.93
        218 |          1        0.00       11.94
        219 |          1        0.00       11.94
        222 |          1        0.00       11.94
        224 |          1        0.00       11.95
        226 |          1        0.00       11.95
        229 |          2        0.01       11.96
        231 |          3        0.01       11.97
        235 |          2        0.01       11.97
        236 |          1        0.00       11.98
        239 |          1        0.00       11.98
        243 |          1        0.00       11.98
        245 |          1        0.00       11.99
        248 |          1        0.00       11.99
        249 |          1        0.00       11.99
        251 |          1        0.00       12.00
        252 |          1        0.00       12.00
        254 |          1        0.00       12.00
        255 |          1        0.00       12.01
        258 |          1        0.00       12.01
        262 |          1        0.00       12.01
        267 |          1        0.00       12.02
        271 |          1        0.00       12.02
        274 |          1        0.00       12.02
        280 |          1        0.00       12.03
        282 |          1        0.00       12.03
        294 |          2        0.01       12.04
        295 |          1        0.00       12.04
        298 |          1        0.00       12.04
        300 |          1        0.00       12.05
        302 |          1        0.00       12.05
        306 |          1        0.00       12.05
        309 |          1        0.00       12.06
        320 |          1        0.00       12.06
        325 |          1        0.00       12.06
        326 |          1        0.00       12.07
        327 |          1        0.00       12.07
        334 |          1        0.00       12.07
        335 |          1        0.00       12.08
        337 |          1        0.00       12.08
        341 |          1        0.00       12.08
        363 |          1        0.00       12.09
        371 |          1        0.00       12.09
        413 |          1        0.00       12.09
        455 |          1        0.00       12.10
        471 |          1        0.00       12.10
        475 |          1        0.00       12.10
        493 |          1        0.00       12.11
       9998 |         10        0.03       12.14
          . |     26,304       87.55       99.69
         .a |         92        0.31      100.00
------------+-----------------------------------
      Total |     30,043      100.00

. 
. di _newline(1)



. di "  8.5  Child Anaemic Binary — anaemic"
  8.5  Child Anaemic Binary — anaemic

. tab anaemic, miss

      Child |
    Anaemic |      Freq.     Percent        Cum.
------------+-----------------------------------
Not Anaemic |          3        0.01        0.01
    Anaemic |         30        0.10        0.11
          . |     30,010       99.89      100.00
------------+-----------------------------------
      Total |     30,043      100.00

. 
. di _newline(1)



. di "  8.6  Residence — v025"
  8.6  Residence — v025

. tab v025, miss

    Type of |
   Place of |
  Residence |      Freq.     Percent        Cum.
------------+-----------------------------------
      Urban |     10,563       35.16       35.16
      Rural |     19,480       64.84      100.00
------------+-----------------------------------
      Total |     30,043      100.00

. 
. di _newline(1)



. di "  8.7  Education — v106"
  8.7  Education — v106

. tab v106, miss

     Highest |
 Educational |
       Level |      Freq.     Percent        Cum.
-------------+-----------------------------------
No Education |      4,163       13.86       13.86
     Primary |      7,852       26.14       39.99
   Secondary |     13,593       45.25       85.24
      Higher |      4,435       14.76      100.00
-------------+-----------------------------------
       Total |     30,043      100.00

. 
. di _newline(1)



. di "  8.8  Electricity — v119"
  8.8  Electricity — v119

. tab v119, miss

        Has |
Electricity |      Freq.     Percent        Cum.
------------+-----------------------------------
         No |        402        1.34        1.34
        Yes |     27,515       91.59       92.92
          7 |      2,126        7.08      100.00
------------+-----------------------------------
      Total |     30,043      100.00

. 
. di _newline(1)



. di "  8.9  Television — v121"
  8.9  Television — v121

. tab v121, miss

        Has |
 Television |      Freq.     Percent        Cum.
------------+-----------------------------------
         No |     12,957       43.13       43.13
        Yes |     14,960       49.80       92.92
          7 |      2,126        7.08      100.00
------------+-----------------------------------
      Total |     30,043      100.00

. 
. di _newline(1)



. di "  8.10 Sex of HH Head — v151"
  8.10 Sex of HH Head — v151

. tab v151, miss

     Sex of |
  Household |
       Head |      Freq.     Percent        Cum.
------------+-----------------------------------
       Male |     25,783       85.82       85.82
     Female |      4,260       14.18      100.00
------------+-----------------------------------
      Total |     30,043      100.00

. 
. di _newline(1)



. di "  8.11 Media Exposure — v171a"
  8.11 Media Exposure — v171a

. tab v171a, miss

              Reads |
 Newspaper/Magazine |      Freq.     Percent        Cum.
--------------------+-----------------------------------
         Not at all |     14,157       47.12       47.12
Less than once/week |      5,695       18.96       66.08
 At least once/week |        120        0.40       66.48
                  . |     10,071       33.52      100.00
--------------------+-----------------------------------
              Total |     30,043      100.00

. 
. di _newline(1)



. di "  8.12 Wealth Index — v190"
  8.12 Wealth Index — v190

. tab v190, miss

     Wealth |
      Index |      Freq.     Percent        Cum.
------------+-----------------------------------
    Poorest |      5,556       18.49       18.49
     Poorer |      5,852       19.48       37.97
     Middle |      5,916       19.69       57.66
     Richer |      6,159       20.50       78.16
    Richest |      6,560       21.84      100.00
------------+-----------------------------------
      Total |     30,043      100.00

. 
. di _newline(1)



. di "  8.13 Twin Birth — b0_01"
  8.13 Twin Birth — b0_01

. tab b0_01, miss

   Child is |
  Twin (1st |
     Birth) |      Freq.     Percent        Cum.
------------+-----------------------------------
     Single |     26,622       88.61       88.61
   Triplet+ |        277        0.92       89.53
          3 |          2        0.01       89.54
          . |      3,142       10.46      100.00
------------+-----------------------------------
      Total |     30,043      100.00

. 
. di _newline(1)



. di "  8.14 Wanted Last Child — b15_01"
  8.14 Wanted Last Child — b15_01

. tab b15_01, miss

   Wanted Last |
    Child (1st |
        Birth) |      Freq.     Percent        Cum.
---------------+-----------------------------------
             0 |     26,813       89.25       89.25
   Wanted then |         88        0.29       89.54
             . |      3,142       10.46      100.00
---------------+-----------------------------------
         Total |     30,043      100.00

. 
. di _newline(1)



. di "  8.15 Months Breastfeeding — m13_1"
  8.15 Months Breastfeeding — m13_1

. sum m13_1, detail

             Months of Breastfeeding (1st Birth)
-------------------------------------------------------------
      Percentiles      Smallest
 1%            1              1
 5%            1              1
10%            2              1       Obs               4,641
25%            3              1       Sum of wgt.       4,641

50%            4                      Mean           4.322991
                        Largest       Std. dev.      2.057934
75%            6              9
90%            7              9       Variance       4.235094
95%            8              9       Skewness       .3592735
99%            9              9       Kurtosis       2.184614

. 
. di _newline(1)



. di "  8.16 Marital Status — v501"
  8.16 Marital Status — v501

. tab v501, miss

Current Marital |
         Status |      Freq.     Percent        Cum.
----------------+-----------------------------------
        Married |     28,502       94.87       94.87
        Widowed |        866        2.88       97.75
       Divorced |        413        1.37       99.13
      Separated |        262        0.87      100.00
----------------+-----------------------------------
          Total |     30,043      100.00

. 
. di _newline(1)



. di "  8.17 Currently Working — v714a"
  8.17 Currently Working — v714a

. tab v714a, miss

  Currently |
    Working |      Freq.     Percent        Cum.
------------+-----------------------------------
         No |     13,800       45.93       45.93
        Yes |         52        0.17       46.11
          . |     16,191       53.89      100.00
------------+-----------------------------------
      Total |     30,043      100.00

. 
. di _newline(1)



. di "  8.18 Land Ownership — v745b"
  8.18 Land Ownership — v745b

. tab v745b, miss

  Owns Land |      Freq.     Percent        Cum.
------------+-----------------------------------
         No |     19,073       63.49       63.49
      Alone |        641        2.13       65.62
    Jointly |        159        0.53       66.15
       Both |         48        0.16       66.31
          4 |         27        0.09       66.40
          5 |         24        0.08       66.48
          . |     10,071       33.52      100.00
------------+-----------------------------------
      Total |     30,043      100.00

. 
end of do-file

. do "C:\Users\hp\AppData\Local\Temp\STD6b98_000000.tmp"

. /*──────────────────────────────────────────────────────────────────────────
>   SECTION 9 │ UNIVARIATE GRAPHS
> ──────────────────────────────────────────────────────────────────────────*/
. 
. di _newline(1)



. di "╔══════════════════════════════════════════════════════════════╗"
╔══════════════════════════════════════════════════════════════╗

. di "║   SECTION 9 │ UNIVARIATE GRAPHS                            ║"
║   SECTION 9 │ UNIVARIATE GRAPHS                            ║

. di "╚══════════════════════════════════════════════════════════════╝"
╚══════════════════════════════════════════════════════════════╝

. 
. set scheme s2color

. 
. * 9.1 MUAC — only plot if we have valid values
. qui count if !missing(v456)

. if r(N) > 0 {
.     twoway (histogram v456, frequency color(navy) lcolor(white)), ///
>         title("Distribution of MUAC (mm)") ///
>         subtitle("NCD Study — Bangladesh DHS") ///
>         xtitle("MUAC (mm)") ytitle("Frequency") ///
>         note("Source: BDIR81FL.DTA   N=" r(N))
.     graph export "Graph_01_MUAC_Histogram.png", replace width(1200)
.     di "  Graph 01 saved: MUAC Histogram  N=" r(N)
. }

. else {
.     di "  SKIP Graph 01: v456 has no valid values"
  SKIP Graph 01: v456 has no valid values
. }

. 
. * 9.2 Tobacco
. qui count if !missing(v176)

. if r(N) > 0 {
.     graph bar (count), over(v176, relabel(1 "No" 2 "Yes")) ///
>         title("Tobacco Use Among Women") ///
>         subtitle("NCD Study — Bangladesh DHS") ///
>         ytitle("Number of Women") ///
>         bar(1, color(teal)) ///
>         note("Source: BDIR81FL.DTA   N=" r(N))
.     graph export "Graph_02_Tobacco_Bar.png", replace width(1200)
.     di "  Graph 02 saved: Tobacco"
. }

. 
. * 9.3 Child Anaemia
. qui count if !missing(hw73_1)

. if r(N) > 0 {
.     graph bar (count), over(hw73_1) ///
>         title("Child Anaemia Level") ///
>         subtitle("NCD Study — Bangladesh DHS") ///
>         ytitle("Number of Children") ///
>         bar(1, color(orange)) ///
>         note("Source: BDIR81FL.DTA   N=" r(N))
.     graph export "Graph_03_Anaemia_Bar.png", replace width(1200)
file Graph_03_Anaemia_Bar.png saved as PNG format
.     di "  Graph 03 saved: Anaemia"
  Graph 03 saved: Anaemia
. }

. 
. * 9.4 Education
. qui count if !missing(v106)

. if r(N) > 0 {
.     graph bar (count), over(v106) ///
>         title("Education Level Distribution") ///
>         subtitle("NCD Study — Bangladesh DHS") ///
>         ytitle("Number of Women") ///
>         bar(1, color(midblue)) ///
>         note("Source: BDIR81FL.DTA   N=" r(N))
.     graph export "Graph_04_Education_Bar.png", replace width(1200)
(file Graph_04_Education_Bar.png not found)
file Graph_04_Education_Bar.png saved as PNG format
.     di "  Graph 04 saved: Education"
  Graph 04 saved: Education
. }

. 
. * 9.5 Wealth
. qui count if !missing(v190)

. if r(N) > 0 {
.     graph bar (count), over(v190) ///
>         title("Wealth Index Distribution") ///
>         subtitle("NCD Study — Bangladesh DHS") ///
>         ytitle("Frequency") ///
>         bar(1, color(green)) ///
>         note("Source: BDIR81FL.DTA   N=" r(N))
.     graph export "Graph_05_Wealth_Bar.png", replace width(1200)
file Graph_05_Wealth_Bar.png saved as PNG format
.     di "  Graph 05 saved: Wealth"
  Graph 05 saved: Wealth
. }

. 
. * 9.6 Residence
. qui count if !missing(v025)

. if r(N) > 0 {
.     graph bar (count), over(v025) ///
>         title("Urban vs Rural Residence") ///
>         subtitle("NCD Study — Bangladesh DHS") ///
>         ytitle("Frequency") ///
>         bar(1, color(navy)) ///
>         note("Source: BDIR81FL.DTA   N=" r(N))
.     graph export "Graph_06_Residence_Bar.png", replace width(1200)
(file Graph_06_Residence_Bar.png not found)
file Graph_06_Residence_Bar.png saved as PNG format
.     di "  Graph 06 saved: Residence"
  Graph 06 saved: Residence
. }

. 
. * 9.7 Breastfeeding
. qui count if !missing(m13_1)

. if r(N) > 0 {
.     graph box m13_1, ///
>         title("Months of Breastfeeding") ///
>         subtitle("NCD Study — Bangladesh DHS") ///
>         ytitle("Months") ///
>         box(1, color(sienna)) ///
>         note("Source: BDIR81FL.DTA   N=" r(N))
.     graph export "Graph_07_Breastfeeding_Box.png", replace width(1200)
file Graph_07_Breastfeeding_Box.png saved as PNG format
.     di "  Graph 07 saved: Breastfeeding"
  Graph 07 saved: Breastfeeding
. }

. 
. * 9.8 Marital status
. qui count if !missing(v501)

. if r(N) > 0 {
.     graph bar (count), over(v501) ///
>         title("Current Marital Status") ///
>         subtitle("NCD Study — Bangladesh DHS") ///
>         ytitle("Frequency") ///
>         bar(1, color(purple)) ///
>         note("Source: BDIR81FL.DTA   N=" r(N))
.     graph export "Graph_08_Marital_Bar.png", replace width(1200)
file Graph_08_Marital_Bar.png saved as PNG format
.     di "  Graph 08 saved: Marital Status"
  Graph 08 saved: Marital Status
. }

. 
. * 9.9 Low MUAC binary
. qui count if !missing(muac_low)

. if r(N) > 0 {
.     graph bar (count), over(muac_low) ///
>         title("Low MUAC Status (<230mm)") ///
>         subtitle("NCD Study — Bangladesh DHS") ///
>         ytitle("Number of Women") ///
>         bar(1, color(navy)) ///
>         note("Source: BDIR81FL.DTA   N=" r(N))
.     graph export "Graph_09_LowMUAC_Bar.png", replace width(1200)
.     di "  Graph 09 saved: Low MUAC Binary"
. }

. 
. * 9.10 Anaemic binary
. qui count if !missing(anaemic)

. if r(N) > 0 {
.     graph bar (count), over(anaemic) ///
>         title("Child Anaemia (Binary)") ///
>         subtitle("NCD Study — Bangladesh DHS") ///
>         ytitle("Number of Children") ///
>         bar(1, color(maroon)) ///
>         note("Source: BDIR81FL.DTA   N=" r(N))
.     graph export "Graph_10_Anaemic_Binary_Bar.png", replace width(1200)
file Graph_10_Anaemic_Binary_Bar.png saved as PNG format
.     di "  Graph 10 saved: Anaemic Binary"
  Graph 10 saved: Anaemic Binary
. }

. 
. 
end of do-file

. do "C:\Users\hp\AppData\Local\Temp\STD6b98_000000.tmp"

. /*──────────────────────────────────────────────────────────────────────────
>   SECTION 10 │ CORRELATION
> ──────────────────────────────────────────────────────────────────────────*/
. 
. di _newline(1)



. di "╔══════════════════════════════════════════════════════════════╗"
╔══════════════════════════════════════════════════════════════╗

. di "║   SECTION 10 │ CORRELATION ANALYSIS                        ║"
║   SECTION 10 │ CORRELATION ANALYSIS                        ║

. di "╚══════════════════════════════════════════════════════════════╝"
╚══════════════════════════════════════════════════════════════╝

. 
. di _newline(1)



. di "  10.1  muac_low × Independents  (Sample A  N=$NA)"
  10.1  muac_low × Independents  (Sample A  N=0)

. if $NA > 0 {
.     pwcorr muac_low v025 v106 v119 v121 v151 v171a v190 v501 v714a v745b ///
>         if sampleA==1, sig star(0.05)
. }

. else {
.     di "  SKIP: Sample A has 0 observations"
  SKIP: Sample A has 0 observations
. }

. 
. di _newline(1)



. di "  10.2  v176 Tobacco × Independents  (Sample B  N=$NB)"
  10.2  v176 Tobacco × Independents  (Sample B  N=0)

. if $NB > 0 {
.     pwcorr v176 v025 v106 v119 v121 v151 v171a v190 v501 v714a v745b ///
>         if sampleB==1, sig star(0.05)
. }

. else {
.     di "  SKIP: Sample B has 0 observations"
  SKIP: Sample B has 0 observations
. }

. 
. di _newline(1)



. di "  10.3  anaemic × Independents  (Sample C  N=$NC)"
  10.3  anaemic × Independents  (Sample C  N=18)

. if $NC > 0 {
.     pwcorr anaemic v025 v106 v119 v121 v151 v171a v190 b0_01 b15_01 ///
>         m13_1 v501 v714a v745b if sampleC==1, sig star(0.05)

             |  anaemic     v025     v106     v119     v121     v151    v171a
-------------+---------------------------------------------------------------
     anaemic |   1.0000 
             |
             |
        v025 |  -0.1715   1.0000 
             |   0.4962
             |
        v106 |  -0.0410  -0.4781*  1.0000 
             |   0.8717   0.0448
             |
        v119 |  -0.6860*  0.2500   0.3287   1.0000 
             |   0.0017   0.3171   0.1829
             |
        v121 |  -0.6689*  0.2294   0.3565   0.9750*  1.0000 
             |   0.0024   0.3598   0.1465   0.0000
             |
        v151 |   0.0857   0.2500  -0.2092  -0.1250  -0.1434   1.0000 
             |   0.7351   0.3171   0.4049   0.6212   0.5703
             |
       v171a |   0.2425  -0.2357   0.5071*  0.0000  -0.0000   0.3536   1.0000 
             |   0.3322   0.3464   0.0317   1.0000   1.0000   0.1501
             |
        v190 |  -0.0803  -0.2341   0.1329  -0.2780  -0.2484   0.3804   0.1655 
             |   0.7515   0.3498   0.5991   0.2641   0.3203   0.1194   0.5116
             |
       b0_01 |        .        .        .        .        .        .        . 
             |        .        .        .        .        .        .        .
             |
      b15_01 |        .        .        .        .        .        .        . 
             |        .        .        .        .        .        .        .
             |
       m13_1 |   0.3597   0.2397  -0.2005  -0.2547  -0.3024  -0.1198  -0.0424 
             |   0.1426   0.3381   0.4249   0.3078   0.2225   0.6357   0.8674
             |
        v501 |        .        .        .        .        .        .        . 
             |        .        .        .        .        .        .        .
             |
       v714a |        .        .        .        .        .        .        . 
             |        .        .        .        .        .        .        .
             |
       v745b |        .        .        .        .        .        .        . 
             |        .        .        .        .        .        .        .
             |

             |     v190    b0_01   b15_01    m13_1     v501    v714a    v745b
-------------+---------------------------------------------------------------
        v190 |   1.0000 
             |
             |
       b0_01 |        .        . 
             |        .
             |
      b15_01 |        .        .        . 
             |        .        .
             |
       m13_1 |  -0.3927        .        .   1.0000 
             |   0.1069        .        .
             |
        v501 |        .        .        .        .        . 
             |        .        .        .        .
             |
       v714a |        .        .        .        .        .        . 
             |        .        .        .        .        .
             |
       v745b |        .        .        .        .        .        .        . 
             |        .        .        .        .        .        .
             |
. }

. else {
.     di "  SKIP: Sample C has 0 observations"
. }

. 
end of do-file

. do "C:\Users\hp\AppData\Local\Temp\STD6b98_000000.tmp"

. /*──────────────────────────────────────────────────────────────────────────
>   SECTION 11 │ CHI-SQUARE CROSS-TABULATIONS
> ──────────────────────────────────────────────────────────────────────────*/
. 
. di _newline(1)



. di "╔══════════════════════════════════════════════════════════════╗"
╔══════════════════════════════════════════════════════════════╗

. di "║   SECTION 11 │ CHI-SQUARE CROSS-TABULATIONS                ║"
║   SECTION 11 │ CHI-SQUARE CROSS-TABULATIONS                ║

. di "╚══════════════════════════════════════════════════════════════╝"
╚══════════════════════════════════════════════════════════════╝

. 
. if $NA > 0 {
.     di _newline(1)
.     di "  ██ muac_low  N=$NA ████████████████████████████████████████"
.     foreach var of varlist v025 v106 v119 v121 v151 v171a v190 v501 v714a v745b {
  2.         di _newline(1)
  3.         di "  muac_low × `var'"
  4.         tab muac_low `var' if sampleA==1, row chi2
  5.     }
. }

. 
. if $NB > 0 {
.     di _newline(1)
.     di "  ██ v176 Tobacco  N=$NB ██████████████████████████████████████"
.     foreach var of varlist v025 v106 v119 v121 v151 v171a v190 v501 v714a v745b {
  2.         di _newline(1)
  3.         di "  v176 × `var'"
  4.         tab v176 `var' if sampleB==1, row chi2
  5.     }
. }

. 
. if $NC > 0 {
.     di _newline(1)


.     di "  ██ anaemic  N=$NC ████████████████████████████████████████"
  ██ anaemic  N=18 ████████████████████████████████████████
.     foreach var of varlist v025 v106 v119 v121 v151 v171a v190 b0_01 ///
>                             b15_01 v501 v714a v745b {
  2.         di _newline(1)
  3.         di "  anaemic × `var'"
  4.         tab anaemic `var' if sampleC==1, row chi2
  5.     }


  anaemic × v025

+----------------+
| Key            |
|----------------|
|   frequency    |
| row percentage |
+----------------+

            |   Type of Place of
      Child |       Residence
    Anaemic |     Urban      Rural |     Total
------------+----------------------+----------
Not Anaemic |         0          1 |         1 
            |      0.00     100.00 |    100.00 
------------+----------------------+----------
    Anaemic |         6         11 |        17 
            |     35.29      64.71 |    100.00 
------------+----------------------+----------
      Total |         6         12 |        18 
            |     33.33      66.67 |    100.00 

          Pearson chi2(1) =   0.5294   Pr = 0.467


  anaemic × v106

+----------------+
| Key            |
|----------------|
|   frequency    |
| row percentage |
+----------------+

      Child |    Highest Educational Level
    Anaemic |   Primary  Secondary     Higher |     Total
------------+---------------------------------+----------
Not Anaemic |         0          1          0 |         1 
            |      0.00     100.00       0.00 |    100.00 
------------+---------------------------------+----------
    Anaemic |         5          9          3 |        17 
            |     29.41      52.94      17.65 |    100.00 
------------+---------------------------------+----------
      Total |         5         10          3 |        18 
            |     27.78      55.56      16.67 |    100.00 

          Pearson chi2(2) =   0.8471   Pr = 0.655


  anaemic × v119

+----------------+
| Key            |
|----------------|
|   frequency    |
| row percentage |
+----------------+

      Child |    Has Electricity
    Anaemic |       Yes          7 |     Total
------------+----------------------+----------
Not Anaemic |         0          1 |         1 
            |      0.00     100.00 |    100.00 
------------+----------------------+----------
    Anaemic |        16          1 |        17 
            |     94.12       5.88 |    100.00 
------------+----------------------+----------
      Total |        16          2 |        18 
            |     88.89      11.11 |    100.00 

          Pearson chi2(1) =   8.4706   Pr = 0.004


  anaemic × v121

+----------------+
| Key            |
|----------------|
|   frequency    |
| row percentage |
+----------------+

      Child |          Has Television
    Anaemic |        No        Yes          7 |     Total
------------+---------------------------------+----------
Not Anaemic |         0          0          1 |         1 
            |      0.00       0.00     100.00 |    100.00 
------------+---------------------------------+----------
    Anaemic |         6         10          1 |        17 
            |     35.29      58.82       5.88 |    100.00 
------------+---------------------------------+----------
      Total |         6         10          2 |        18 
            |     33.33      55.56      11.11 |    100.00 

          Pearson chi2(2) =   8.4706   Pr = 0.014


  anaemic × v151

+----------------+
| Key            |
|----------------|
|   frequency    |
| row percentage |
+----------------+

      Child | Sex of Household Head
    Anaemic |      Male     Female |     Total
------------+----------------------+----------
Not Anaemic |         1          0 |         1 
            |    100.00       0.00 |    100.00 
------------+----------------------+----------
    Anaemic |        15          2 |        17 
            |     88.24      11.76 |    100.00 
------------+----------------------+----------
      Total |        16          2 |        18 
            |     88.89      11.11 |    100.00 

          Pearson chi2(1) =   0.1324   Pr = 0.716


  anaemic × v171a

+----------------+
| Key            |
|----------------|
|   frequency    |
| row percentage |
+----------------+

            |         Reads
      Child |  Newspaper/Magazine
    Anaemic | Not at al  Less than |     Total
------------+----------------------+----------
Not Anaemic |         1          0 |         1 
            |    100.00       0.00 |    100.00 
------------+----------------------+----------
    Anaemic |         8          9 |        17 
            |     47.06      52.94 |    100.00 
------------+----------------------+----------
      Total |         9          9 |        18 
            |     50.00      50.00 |    100.00 

          Pearson chi2(1) =   1.0588   Pr = 0.303


  anaemic × v190

+----------------+
| Key            |
|----------------|
|   frequency    |
| row percentage |
+----------------+

      Child |                      Wealth Index
    Anaemic |   Poorest     Poorer     Middle     Richer    Richest |     Total
------------+-------------------------------------------------------+----------
Not Anaemic |         0          0          0          1          0 |         1 
            |      0.00       0.00       0.00     100.00       0.00 |    100.00 
------------+-------------------------------------------------------+----------
    Anaemic |         2          2          4          3          6 |        17 
            |     11.76      11.76      23.53      17.65      35.29 |    100.00 
------------+-------------------------------------------------------+----------
      Total |         2          2          4          4          6 |        18 
            |     11.11      11.11      22.22      22.22      33.33 |    100.00 

          Pearson chi2(4) =   3.7059   Pr = 0.447


  anaemic × b0_01

+----------------+
| Key            |
|----------------|
|   frequency    |
| row percentage |
+----------------+

            |  Child is
            | Twin (1st
      Child |   Birth)
    Anaemic |    Single |     Total
------------+-----------+----------
Not Anaemic |         1 |         1 
            |    100.00 |    100.00 
------------+-----------+----------
    Anaemic |        17 |        17 
            |    100.00 |    100.00 
------------+-----------+----------
      Total |        18 |        18 
            |    100.00 |    100.00 


  anaemic × b15_01

+----------------+
| Key            |
|----------------|
|   frequency    |
| row percentage |
+----------------+

            |   Wanted
            | Last Child
            |    (1st
      Child |   Birth)
    Anaemic |         0 |     Total
------------+-----------+----------
Not Anaemic |         1 |         1 
            |    100.00 |    100.00 
------------+-----------+----------
    Anaemic |        17 |        17 
            |    100.00 |    100.00 
------------+-----------+----------
      Total |        18 |        18 
            |    100.00 |    100.00 


  anaemic × v501

+----------------+
| Key            |
|----------------|
|   frequency    |
| row percentage |
+----------------+

            |  Current
            |  Marital
      Child |   Status
    Anaemic |   Married |     Total
------------+-----------+----------
Not Anaemic |         1 |         1 
            |    100.00 |    100.00 
------------+-----------+----------
    Anaemic |        17 |        17 
            |    100.00 |    100.00 
------------+-----------+----------
      Total |        18 |        18 
            |    100.00 |    100.00 


  anaemic × v714a

+----------------+
| Key            |
|----------------|
|   frequency    |
| row percentage |
+----------------+

            | Currently
      Child |  Working
    Anaemic |        No |     Total
------------+-----------+----------
Not Anaemic |         1 |         1 
            |    100.00 |    100.00 
------------+-----------+----------
    Anaemic |        17 |        17 
            |    100.00 |    100.00 
------------+-----------+----------
      Total |        18 |        18 
            |    100.00 |    100.00 


  anaemic × v745b

+----------------+
| Key            |
|----------------|
|   frequency    |
| row percentage |
+----------------+

      Child | Owns Land
    Anaemic |        No |     Total
------------+-----------+----------
Not Anaemic |         1 |         1 
            |    100.00 |    100.00 
------------+-----------+----------
    Anaemic |        17 |        17 
            |    100.00 |    100.00 
------------+-----------+----------
      Total |        18 |        18 
            |    100.00 |    100.00 
. }

. 
. 
end of do-file

. do "C:\Users\hp\AppData\Local\Temp\STD6b98_000000.tmp"

. /*──────────────────────────────────────────────────────────────────────────
>   SECTION 12 │ CHI-SQUARE SUMMARY TABLE
> ──────────────────────────────────────────────────────────────────────────*/
. 
. di _newline(1)



. di "╔══════════════════════════════════════════════════════════════╗"
╔══════════════════════════════════════════════════════════════╗

. di "║   SECTION 12 │ CHI-SQUARE SUMMARY TABLE                    ║"
║   SECTION 12 │ CHI-SQUARE SUMMARY TABLE                    ║

. di "╚══════════════════════════════════════════════════════════════╝"
╚══════════════════════════════════════════════════════════════╝

. 
. if $NA > 0 {
.     di _newline(1)
.     di "  ── muac_low  (N=$NA) ──────────────────────────────────────"
.     di "  Variable          Chi2      df   p-value    Sig"
.     di "  ─────────────────────────────────────────────────────────"
.     foreach var of varlist v025 v106 v119 v121 v151 v171a v190 v501 v714a v745b {
  2.         qui tab muac_low `var' if sampleA==1, chi2
  3.         local c=r(chi2)
  4.         local d=r(df)
  5.         local p=r(p)
  6.         local s=cond(`p'<0.001,"***",cond(`p'<0.01,"** ",cond(`p'<0.05,"*  ","ns ")))
  7.         di "  `var'" _col(20) %8.3f `c' _col(31) `d' _col(37) %8.4f `p' _col(49) "`s'"
  8.     }
. }

. 
. if $NB > 0 {
.     di _newline(1)
.     di "  ── v176 Tobacco  (N=$NB) ──────────────────────────────────"
.     di "  Variable          Chi2      df   p-value    Sig"
.     di "  ─────────────────────────────────────────────────────────"
.     foreach var of varlist v025 v106 v119 v121 v151 v171a v190 v501 v714a v745b {
  2.         qui tab v176 `var' if sampleB==1, chi2
  3.         local c=r(chi2)
  4.         local d=r(df)
  5.         local p=r(p)
  6.         local s=cond(`p'<0.001,"***",cond(`p'<0.01,"** ",cond(`p'<0.05,"*  ","ns ")))
  7.         di "  `var'" _col(20) %8.3f `c' _col(31) `d' _col(37) %8.4f `p' _col(49) "`s'"
  8.     }
. }

. 
. if $NC > 0 {
.     di _newline(1)


.     di "  ── anaemic  (N=$NC) ────────────────────────────────────────"
  ── anaemic  (N=18) ────────────────────────────────────────
.     di "  Variable          Chi2      df   p-value    Sig"
  Variable          Chi2      df   p-value    Sig
.     di "  ─────────────────────────────────────────────────────────"
  ─────────────────────────────────────────────────────────
.     foreach var of varlist v025 v106 v119 v121 v151 v171a v190 b0_01 ///
>                             b15_01 v501 v714a v745b {
  2.         qui tab anaemic `var' if sampleC==1, chi2
  3.         local c=r(chi2)
  4.         local d=r(df)
  5.         local p=r(p)
  6.         local s=cond(`p'<0.001,"***",cond(`p'<0.01,"** ",cond(`p'<0.05,"*  ","ns ")))
  7.         di "  `var'" _col(20) %8.3f `c' _col(31) `d' _col(37) %8.4f `p' _col(49) "`s'"
  8.     }
  v025                0.529   .       0.4669    ns 
  v106                0.847   .       0.6547    ns 
  v119                8.471   .       0.0036    ** 
  v121                8.471   .       0.0145    *  
  v151                0.132   .       0.7160    ns 
  v171a               1.059   .       0.3035    ns 
  v190                3.706   .       0.4473    ns 
  b0_01                   .   .            .    ns 
  b15_01                  .   .            .    ns 
  v501                    .   .            .    ns 
  v714a                   .   .            .    ns 
  v745b                   .   .            .    ns 
. }

. 
. di _newline(1)



. di "  *** p<0.001   ** p<0.01   * p<0.05   ns = not significant"
  *** p<0.001   ** p<0.01   * p<0.05   ns = not significant

. 
end of do-file

. do "C:\Users\hp\AppData\Local\Temp\STD6b98_000000.tmp"

. 
. /*──────────────────────────────────────────────────────────────────────────
>   SECTION 13 │ LOGISTIC REGRESSION
> ──────────────────────────────────────────────────────────────────────────*/
. 
. di _newline(1)



. di "╔══════════════════════════════════════════════════════════════╗"
╔══════════════════════════════════════════════════════════════╗

. di "║   SECTION 13 │ BINARY LOGISTIC REGRESSION                  ║"
║   SECTION 13 │ BINARY LOGISTIC REGRESSION                  ║

. di "╚══════════════════════════════════════════════════════════════╝"
╚══════════════════════════════════════════════════════════════╝

. 
. if $NA > 0 {
.     di _newline(1)
.     di "══════════════════════════════════════════════════════════"
.     di "  MODEL A │ Dependent: muac_low    N = $NA"
.     di "══════════════════════════════════════════════════════════"
.     logit muac_low i.v025 i.v106 i.v119 i.v121 i.v151 i.v171a i.v190 ///
>                    i.v501 i.v714a i.v745b if sampleA==1
.     di _newline(1)
.     di "  Odds Ratios with 95% CI:"
.     logit, or
.     di "  Pseudo R2 = " %6.4f e(r2_p)  "   N = " e(N)
.     estat gof, group(10) table
. }

. else {
.     di "  SKIP Model A: no observations in Sample A"
  SKIP Model A: no observations in Sample A
. }

. 
. if $NB > 0 {
.     di _newline(1)
.     di "══════════════════════════════════════════════════════════"
.     di "  MODEL B │ Dependent: v176 Tobacco    N = $NB"
.     di "══════════════════════════════════════════════════════════"
.     logit v176 i.v025 i.v106 i.v119 i.v121 i.v151 i.v171a i.v190 ///
>                i.v501 i.v714a i.v745b if sampleB==1
.     di _newline(1)
.     di "  Odds Ratios with 95% CI:"
.     logit, or
.     di "  Pseudo R2 = " %6.4f e(r2_p)  "   N = " e(N)
.     estat gof, group(10) table
. }

. else {
.     di "  SKIP Model B: no observations in Sample B"
  SKIP Model B: no observations in Sample B
. }

. 
. if $NC > 0 {
.     di _newline(1)


.     di "══════════════════════════════════════════════════════════"
══════════════════════════════════════════════════════════
.     di "  MODEL C │ Dependent: anaemic    N = $NC"
  MODEL C │ Dependent: anaemic    N = 18
.     di "══════════════════════════════════════════════════════════"
══════════════════════════════════════════════════════════
.     logit anaemic i.v025 i.v106 i.v119 i.v121 i.v151 i.v171a i.v190 ///
>                   i.b0_01 i.b15_01 m13_1 i.v501 i.v714a i.v745b if sampleC==1

note: 1.v025 != 0 predicts success perfectly;
      1.v025 omitted and 6 obs not used.

note: 1.v106 != 0 predicts success perfectly;
      1.v106 omitted and 5 obs not used.

note: 2.v106 != 1 predicts success perfectly;
      2.v106 omitted and 1 obs not used.

outcome = v119 > 0 predicts data perfectly
r(2000);
.     di _newline(1)
.     di "  Odds Ratios with 95% CI:"
.     logit, or
.     di "  Pseudo R2 = " %6.4f e(r2_p)  "   N = " e(N)
.     estat gof, group(10) table
. }
r(2000);

end of do-file

r(2000);

. do "C:\Users\hp\AppData\Local\Temp\STD6b98_000000.tmp"

. /*──────────────────────────────────────────────────────────────────────────
>   SECTION 14 │ BIVARIATE GRAPHS
> ──────────────────────────────────────────────────────────────────────────*/
. 
. di _newline(1)



. di "╔══════════════════════════════════════════════════════════════╗"
╔══════════════════════════════════════════════════════════════╗

. di "║   SECTION 14 │ BIVARIATE GRAPHS                            ║"
║   SECTION 14 │ BIVARIATE GRAPHS                            ║

. di "╚══════════════════════════════════════════════════════════════╝"
╚══════════════════════════════════════════════════════════════╝

. 
. if $NA > 0 {
.     graph bar (mean) v456 if sampleA==1, over(v190) ///
>         title("Mean MUAC by Wealth Index") ///
>         subtitle("Sample A   N = $NA") ///
>         ytitle("Mean MUAC (mm)") bar(1, color(navy)) ///
>         note("Source: BDIR81FL.DTA")
.     graph export "Graph_11_MUAC_byWealth.png", replace width(1200)
. 
.     graph bar (mean) v456 if sampleA==1, over(v106) ///
>         title("Mean MUAC by Education Level") ///
>         subtitle("Sample A   N = $NA") ///
>         ytitle("Mean MUAC (mm)") bar(1, color(teal)) ///
>         note("Source: BDIR81FL.DTA")
.     graph export "Graph_12_MUAC_byEdu.png", replace width(1200)
. 
.     graph bar (mean) v456 if sampleA==1, over(v025) ///
>         title("Mean MUAC by Residence") ///
>         subtitle("Sample A   N = $NA") ///
>         ytitle("Mean MUAC (mm)") bar(1, color(midblue)) ///
>         note("Source: BDIR81FL.DTA")
.     graph export "Graph_13_MUAC_byResidence.png", replace width(1200)
.     di "  Graphs 11-13 saved: MUAC bivariate"
. }

. 
. if $NB > 0 {
.     graph bar (mean) v176 if sampleB==1, over(v106) ///
>         title("Tobacco Use by Education Level") ///
>         subtitle("Sample B   N = $NB") ///
>         ytitle("Proportion Using Tobacco") bar(1, color(maroon)) ///
>         note("Source: BDIR81FL.DTA")
.     graph export "Graph_14_Tobacco_byEdu.png", replace width(1200)
. 
.     graph bar (mean) v176 if sampleB==1, over(v190) ///
>         title("Tobacco Use by Wealth Index") ///
>         subtitle("Sample B   N = $NB") ///
>         ytitle("Proportion Using Tobacco") bar(1, color(green)) ///
>         note("Source: BDIR81FL.DTA")
.     graph export "Graph_15_Tobacco_byWealth.png", replace width(1200)
. 
.     graph bar (mean) v176 if sampleB==1, over(v025) ///
>         title("Tobacco Use by Residence") ///
>         subtitle("Sample B   N = $NB") ///
>         ytitle("Proportion Using Tobacco") bar(1, color(purple)) ///
>         note("Source: BDIR81FL.DTA")
.     graph export "Graph_16_Tobacco_byResidence.png", replace width(1200)
.     di "  Graphs 14-16 saved: Tobacco bivariate"
. }

. 
. if $NC > 0 {
.     graph bar (mean) anaemic if sampleC==1, over(v106) ///
>         title("Child Anaemia by Education") ///
>         subtitle("Sample C   N = $NC") ///
>         ytitle("Proportion Anaemic") bar(1, color(orange)) ///
>         note("Source: BDIR81FL.DTA")
.     graph export "Graph_17_Anaemia_byEdu.png", replace width(1200)
file Graph_17_Anaemia_byEdu.png saved as PNG format
. 
.     graph bar (mean) anaemic if sampleC==1, over(v190) ///
>         title("Child Anaemia by Wealth Index") ///
>         subtitle("Sample C   N = $NC") ///
>         ytitle("Proportion Anaemic") bar(1, color(sienna)) ///
>         note("Source: BDIR81FL.DTA")
.     graph export "Graph_18_Anaemia_byWealth.png", replace width(1200)
file Graph_18_Anaemia_byWealth.png saved as PNG format
. 
.     graph bar (mean) anaemic if sampleC==1, over(v025) ///
>         title("Child Anaemia by Residence") ///
>         subtitle("Sample C   N = $NC") ///
>         ytitle("Proportion Anaemic") bar(1, color(cranberry)) ///
>         note("Source: BDIR81FL.DTA")
.     graph export "Graph_19_Anaemia_byResidence.png", replace width(1200)
file Graph_19_Anaemia_byResidence.png saved as PNG format
.     di "  Graphs 17-19 saved: Anaemia bivariate"
  Graphs 17-19 saved: Anaemia bivariate
. }

. 
end of do-file

. do "C:\Users\hp\AppData\Local\Temp\STD6b98_000000.tmp"

. /*──────────────────────────────────────────────────────────────────────────
>   FINAL SUMMARY
> ──────────────────────────────────────────────────────────────────────────*/
. 
. di _newline(2)




. di "╔══════════════════════════════════════════════════════════════╗"
╔══════════════════════════════════════════════════════════════╗

. di "║   ANALYSIS COMPLETE — NCD STUDY                            ║"
║   ANALYSIS COMPLETE — NCD STUDY                            ║

. di "╚══════════════════════════════════════════════════════════════╝"
╚══════════════════════════════════════════════════════════════╝

. di "  Dataset  : BDIR81FL.DTA — Bangladesh DHS"
  Dataset  : BDIR81FL.DTA — Bangladesh DHS

. di "  Sample A (MUAC)    N = $NA"
  Sample A (MUAC)    N = 0

. di "  Sample B (Tobacco) N = $NB"
  Sample B (Tobacco) N = 0

. di "  Sample C (Anaemia) N = $NC"
  Sample C (Anaemia) N = 18

. 
. log close
      name:  <unnamed>
       log:  C:\Users\hp\OneDrive\Documents\NCD_Analysis_Output.log
  log type:  text
 closed on:  28 Jun 2026, 07:36:58
------------------------------------------------------------------------------------------------------------------------
